
> webcraft-studio@1.0.0 build
> next build

  ▲ Next.js 14.2.5

   Creating an optimized production build ...
 ✓ Compiled successfully
   Linting and checking validity of types ...
   Collecting page data ...
   Generating static pages (0/4) ...
   Generating static pages (1/4) 
   Generating static pages (2/4) 
   Generating static pages (3/4) 
 ✓ Generating static pages (4/4)
   Finalizing page optimization ...
   Collecting build traces ...

Route (app)                              Size     First Load JS
┌ ○ /                                    62.1 kB         149 kB
└ ○ /_not-found                          871 B          88.1 kB
+ First Load JS shared by all            87.2 kB
  ├ chunks/23-70316e41bdb111d5.js        31.5 kB
  ├ chunks/fd9d1056-9bb8762900bbf9f7.js  53.6 kB
  └ other shared chunks (total)          2.05 kB


○  (Static)  prerendered as static content

